// Jest Snapshot v1, https://goo.gl/fbAQLP

exports[`<SwitchOption /> component: should render and match snapshot 1`] = `
<DocumentFragment>
  <button
    class="undefined uppercase undefined"
  >
    title
  </button>
</DocumentFragment>
`;
